// Vitest Snapshot v1, https://vitest.dev/guide/snapshot.html

exports[`Test Login Page > should render Login component correctly 1`] = `
<React.Fragment>
  <Accordion>
    <AccordionItem>
      <h2>
        <AccordionButton
          data-testid="AccordionButtontestid"
        >
          <Box
            as="span"
            flex="1"
            textAlign="left"
          >
            Section 1 title
          </Box>
          <AccordionIcon />
        </AccordionButton>
      </h2>
      <AccordionPanel
        pb={4}
      >
        Lorem ipsum dolor sit amet, consectetur adipiscing elit, sed do eiusmod tempor incididunt ut labore et dolore magna aliqua. Ut enim ad minim veniam, quis nostrud exercitation ullamco laboris nisi ut aliquip ex ea commodo consequat.
      </AccordionPanel>
    </AccordionItem>
    <AccordionItem>
      <h2>
        <AccordionButton>
          <Box
            as="span"
            flex="1"
            textAlign="left"
          >
            Section 2 title
          </Box>
          <AccordionIcon />
        </AccordionButton>
      </h2>
      <AccordionPanel
        pb={4}
      >
        Hidden Content
      </AccordionPanel>
    </AccordionItem>
  </Accordion>
</React.Fragment>
`;
